// Jest Snapshot v1, https://goo.gl/fbAQLP

exports[`should render without crashing 1`] = `
<section>
  <div
    className=" "
  >
    <h1>
      Test
    </h1>
    <p>
      test subtitle
    </p>
  </div>
  <div />
  <div
    style={
      Object {
        "bottom": 0,
        "boxSizing": "border-box",
        "display": "block",
        "left": 0,
        "margin": 0,
        "overflow": "hidden",
        "position": "absolute",
        "right": 0,
        "top": 0,
      }
    }
  >
    <noscript>
      <img
        decoding="async"
        src="/images/wave.svg"
        srcSet="/_next/image?url=%2Fimages%2Fwave.svg&w=640&q=75 640w, /_next/image?url=%2Fimages%2Fwave.svg&w=750&q=75 750w, /_next/image?url=%2Fimages%2Fwave.svg&w=828&q=75 828w, /_next/image?url=%2Fimages%2Fwave.svg&w=1080&q=75 1080w, /_next/image?url=%2Fimages%2Fwave.svg&w=1200&q=75 1200w, /_next/image?url=%2Fimages%2Fwave.svg&w=1920&q=75 1920w, /_next/image?url=%2Fimages%2Fwave.svg&w=2048&q=75 2048w, /_next/image?url=%2Fimages%2Fwave.svg&w=3840&q=75 3840w"
        style={
          Object {
            "border": "none",
            "bottom": 0,
            "boxSizing": "border-box",
            "display": "block",
            "height": 0,
            "left": 0,
            "margin": "auto",
            "maxHeight": "100%",
            "maxWidth": "100%",
            "minHeight": "100%",
            "minWidth": "100%",
            "objectFit": "cover",
            "objectPosition": "bottom",
            "padding": 0,
            "position": "absolute",
            "right": 0,
            "top": 0,
            "width": 0,
          }
        }
      />
    </noscript>
    <img
      decoding="async"
      src="data:image/gif;base64,R0lGODlhAQABAIAAAAAAAP///yH5BAEAAAAALAAAAAABAAEAAAIBRAA7"
      style={
        Object {
          "border": "none",
          "bottom": 0,
          "boxSizing": "border-box",
          "display": "block",
          "height": 0,
          "left": 0,
          "margin": "auto",
          "maxHeight": "100%",
          "maxWidth": "100%",
          "minHeight": "100%",
          "minWidth": "100%",
          "objectFit": "cover",
          "objectPosition": "bottom",
          "padding": 0,
          "position": "absolute",
          "right": 0,
          "top": 0,
          "width": 0,
        }
      }
    />
  </div>
</section>
`;
