// Jest Snapshot v1, https://goo.gl/fbAQLP

exports[`<Menu /> should render without crashing 1`] = `
Array [
  <div>
    <div
      className="hamburger-react"
      onClick={[Function]}
      onKeyUp={[Function]}
      role="button"
      style={
        Object {
          "cursor": "pointer",
          "height": "48px",
          "outline": "none",
          "position": "relative",
          "transition": "0.4s cubic-bezier(0, 0, 0, 1)",
          "userSelect": "none",
          "width": "48px",
        }
      }
      tabIndex={0}
    >
      <div
        style={
          Object {
            "transform": "none",
            "transition": "0.2s cubic-bezier(0, 0, 0, 1) 0.2s",
          }
        }
      >
        <div
          style={
            Object {
              "background": "black",
              "height": "2px",
              "left": "10px",
              "position": "absolute",
              "top": "15px",
              "transform": "none",
              "transition": "0.2s cubic-bezier(0, 0, 0, 1) 0s",
              "width": "28px",
            }
          }
        />
      </div>
      <div
        style={
          Object {
            "opacity": "1",
            "transition": "0.2s cubic-bezier(0, 0, 0, 1)",
          }
        }
      >
        <div
          style={
            Object {
              "background": "black",
              "height": "2px",
              "left": "10px",
              "position": "absolute",
              "top": "23px",
              "transition": "0.2s cubic-bezier(0, 0, 0, 1)",
              "width": "28px",
            }
          }
        />
      </div>
      <div
        style={
          Object {
            "transform": "none",
            "transition": "0.2s cubic-bezier(0, 0, 0, 1) 0.2s",
          }
        }
      >
        <div
          style={
            Object {
              "background": "black",
              "height": "2px",
              "left": "10px",
              "position": "absolute",
              "top": "31px",
              "transform": "none",
              "transition": "0.2s cubic-bezier(0, 0, 0, 1) 0s",
              "width": "28px",
            }
          }
        />
      </div>
    </div>
  </div>,
  <div
    className=""
  >
    <ul>
      <li>
        <a
          className=""
          href="/"
          onClick={[Function]}
          onMouseEnter={[Function]}
        >
          <p>
            Home
          </p>
        </a>
      </li>
      <li>
        <a
          className=""
          href="/projects"
          onClick={[Function]}
          onMouseEnter={[Function]}
        >
          <p>
            Projects
          </p>
        </a>
      </li>
      <li>
        <a
          className=""
          href="/about"
          onClick={[Function]}
          onMouseEnter={[Function]}
        >
          <p>
            About
          </p>
        </a>
      </li>
    </ul>
  </div>,
]
`;
